# Public REST API contract golden ({HTTP method} {path}).
# 客户集成依赖此契约——删除/改路径/改方法 = breaking，走 /api/v2 或 deprecation。
# 新增端点（向后兼容）：运行 PublicApiContractTest 会自动追加，连同本文件提交。
DELETE /api/v1/admin/lexicons/{fileName}
DELETE /api/v1/admin/messages/{locale}
DELETE /api/v1/policies/cache
GET /api/v1/admin/byok-allowlist
GET /api/v1/audit
GET /api/v1/audit/anomalies
GET /api/v1/audit/anomalies/{id}
GET /api/v1/audit/artifacts/{sha256}
GET /api/v1/audit/compare
GET /api/v1/audit/policy-versions/{versionId}/impact
GET /api/v1/audit/policy-versions/{versionId}/timeline
GET /api/v1/audit/policy-versions/{versionId}/usage
GET /api/v1/audit/policy/{policyModule}/{policyFunction}
GET /api/v1/audit/range
GET /api/v1/audit/runtime/{build}/policies
GET /api/v1/audit/stats/version-usage
GET /api/v1/audit/type/{eventType}
GET /api/v1/audit/verify-chain
GET /api/v1/audit/workflows/{workflowId}/version-history
GET /api/v1/lexicons
GET /api/v1/lexicons/stream
GET /api/v1/messages-manifest
GET /api/v1/messages/{locale}
GET /api/v1/metrics/waadr
GET /api/v1/modules/catalog
GET /api/v1/policies/{policyId}/versions
GET /api/v1/policies/{policyId}/whatif-batches
GET /api/v1/version
GET /api/v1/workflows/by-status/{status}
GET /api/v1/workflows/metrics
GET /api/v1/workflows/{workflowId}/events
GET /api/v1/workflows/{workflowId}/state
PATCH /api/v1/audit/anomalies/{id}/status
POST /api/v1/admin/byok-allowlist
POST /api/v1/admin/lexicons
POST /api/v1/admin/lexicons/{id}/disable
POST /api/v1/admin/lexicons/{id}/enable
POST /api/v1/ai/assistant
POST /api/v1/ai/complete
POST /api/v1/ai/generate
POST /api/v1/ai/suggest
POST /api/v1/audit/anomalies/{id}/actions/verify
POST /api/v1/policies/compile
POST /api/v1/policies/evaluate
POST /api/v1/policies/evaluate-json
POST /api/v1/policies/evaluate-source
POST /api/v1/policies/evaluate/batch
POST /api/v1/policies/schema
POST /api/v1/policies/validate
POST /api/v1/policies/{policyId}/rollback
POST /api/v1/policies/{policyId}/whatif-batches
PUT /api/v1/admin/messages/{locale}
